// Jest Snapshot v1, https://goo.gl/fbAQLP

exports[`matches snapshot 1`] = `
<DocumentFragment>
  <div
    class="Card"
  >
    <h4
      class="Card-title"
    >
      A photo
    </h4>
    <img
      alt="A photo"
      class="Card-image"
      src="image1.jpg"
    />
    <small
      class="Card-small"
    >
      Image  of .
    </small>
  </div>
</DocumentFragment>
`;
